// Jest Snapshot v1, https://goo.gl/fbAQLP

exports[`Indecision Component debe hacer match con el snapshot 1`] = `
<!--v-if-->
<div class="bg-dark"></div>
<div class="container">
  <div class="indecision-container"><input type="text" placeholder="Hazme una pregunta">
    <p>Recuerda terminar con un sgino de interrogaci√≥n (?)</p>
  </div>
  <div class="respuesta">
    <!--v-if-->
    <h1>Pensando...</h1>
  </div>
</div>
`;
